--------------------------------------------------------------------------------
Release 14.3 Trace  (nt64)
Copyright (c) 1995-2012 Xilinx, Inc.  All rights reserved.

C:\Xilinx\14.3\ISE_DS\ISE\bin\nt64\unwrapped\trce.exe -intstyle ise -v 3 -s 1
-n 3 -fastpaths -xml lcd_top.twx lcd_top.ncd -o lcd_top.twr lcd_top.pcf

Design file:              lcd_top.ncd
Physical constraint file: lcd_top.pcf
Device,package,speed:     xc5vlx110t,ff1136,-1 (PRODUCTION 1.73 2012-10-12, STEPPING level 0)
Report level:             verbose report

Environment Variable      Effect 
--------------------      ------ 
NONE                      No environment variables were set
--------------------------------------------------------------------------------

INFO:Timing:3412 - To improve timing, see the Timing Closure User Guide (UG612).
INFO:Timing:2752 - To get complete path coverage, use the unconstrained paths 
   option. All paths that are not constrained will be reported in the 
   unconstrained paths section(s) of the report.
INFO:Timing:3339 - The clock-to-out numbers in this timing report are based on 
   a 50 Ohm transmission line loading model.  For the details of this model, 
   and for more information on accounting for different loading conditions, 
   please see the device datasheet.
8 logic loops found and disabled.

  ----------------------------------------------------------------------
 ! Warning: The following connections close logic loops, and some paths !
 !          through these connections may not be analyzed. To better    !
 !          understand the logic associated with these loops, run a     !
 !          Analyze Against User-Defined End-Point Analysis inside      !
 !          Timing Analyzer (timingan) with the listed signal as a      !
 !          source NET (*signal_name). The Timing Report will display   !
 !          all the paths associated with this signal and the logic     !
 !          loop will be reported.                                      !
 !                                                                      !
 ! Signal                            Driver            Load             !
 ! --------------------------------  ----------------  ---------------- !
 ! data_ext<0>                       SLICE_X48Y60.A    SLICE_X31Y62.A3  !
 ! data_ext<1>                       SLICE_X48Y60.C    SLICE_X33Y62.A5  !
 ! data_ext<2>                       SLICE_X46Y60.C    SLICE_X35Y60.A5  !
 ! data_ext<4>                       SLICE_X39Y61.A    SLICE_X37Y61.C3  !
 ! data_ext<5>                       SLICE_X39Y57.B    SLICE_X34Y60.D4  !
 ! data_ext<6>                       SLICE_X39Y61.C    SLICE_X35Y59.C1  !
 ! data_ext<7>                       SLICE_X40Y61.C    SLICE_X34Y65.B4  !
 ! data_ext<3>                       SLICE_X48Y61.A    SLICE_X34Y64.A3  !
  ---------------------------------------------------------------------- 


================================================================================
Timing constraint: TS_ac97_bitclk = PERIOD TIMEGRP "ac97_bitclk" 12.288 MHz 
HIGH 50%;
For more information, see Period Analysis in the Timing Closure User Guide (UG612).

 689 paths analyzed, 198 endpoints analyzed, 0 failing endpoints
 0 timing errors detected. (0 setup errors, 0 hold errors, 0 component switching limit errors)
 Minimum period is   3.510ns.
--------------------------------------------------------------------------------

Paths for end point audio/gen/rot/level_1 (SLICE_X14Y63.CE), 14 paths
--------------------------------------------------------------------------------
Slack (setup path):     77.870ns (requirement - (data path - clock path skew + uncertainty))
  Source:               audio/gen/rot/state_FSM_FFd3 (FF)
  Destination:          audio/gen/rot/level_1 (FF)
  Requirement:          81.380ns
  Data Path Delay:      3.489ns (Levels of Logic = 3)
  Clock Path Skew:      0.014ns (0.162 - 0.148)
  Source Clock:         ac97_bitclk_BUFGP rising at 0.000ns
  Destination Clock:    ac97_bitclk_BUFGP rising at 81.380ns
  Clock Uncertainty:    0.035ns

  Clock Uncertainty:          0.035ns  ((TSJ^2 + TIJ^2)^1/2 + DJ) / 2 + PE
    Total System Jitter (TSJ):  0.070ns
    Total Input Jitter (TIJ):   0.000ns
    Discrete Jitter (DJ):       0.000ns
    Phase Error (PE):           0.000ns

  Maximum Data Path: audio/gen/rot/state_FSM_FFd3 to audio/gen/rot/level_1
    Location             Delay type         Delay(ns)  Physical Resource
                                                       Logical Resource(s)
    -------------------------------------------------  -------------------
    SLICE_X15Y63.BQ      Tcko                  0.450   audio/gen/rot/state_FSM_FFd2
                                                       audio/gen/rot/state_FSM_FFd3
    SLICE_X14Y63.B1      net (fanout=3)        0.910   audio/gen/rot/state_FSM_FFd3
    SLICE_X14Y63.B       Tilo                  0.094   audio/gen/rot/level<2>
                                                       audio/gen/rot/level_and0000_SW0
    SLICE_X16Y65.B4      net (fanout=4)        0.697   N446
    SLICE_X16Y65.B       Tilo                  0.094   audio/gen/rot/level_not0001
                                                       audio/gen/rot/level_and0000
    SLICE_X16Y65.C3      net (fanout=3)        0.461   audio/gen/rot/level_and0000
    SLICE_X16Y65.C       Tilo                  0.094   audio/gen/rot/level_not0001
                                                       audio/gen/rot/level_not0001
    SLICE_X14Y63.CE      net (fanout=2)        0.460   audio/gen/rot/level_not0001
    SLICE_X14Y63.CLK     Tceck                 0.229   audio/gen/rot/level<2>
                                                       audio/gen/rot/level_1
    -------------------------------------------------  ---------------------------
    Total                                      3.489ns (0.961ns logic, 2.528ns route)
                                                       (27.5% logic, 72.5% route)

--------------------------------------------------------------------------------
Slack (setup path):     78.142ns (requirement - (data path - clock path skew + uncertainty))
  Source:               audio/gen/rot/state_FSM_FFd2 (FF)
  Destination:          audio/gen/rot/level_1 (FF)
  Requirement:          81.380ns
  Data Path Delay:      3.217ns (Levels of Logic = 3)
  Clock Path Skew:      0.014ns (0.162 - 0.148)
  Source Clock:         ac97_bitclk_BUFGP rising at 0.000ns
  Destination Clock:    ac97_bitclk_BUFGP rising at 81.380ns
  Clock Uncertainty:    0.035ns

  Clock Uncertainty:          0.035ns  ((TSJ^2 + TIJ^2)^1/2 + DJ) / 2 + PE
    Total System Jitter (TSJ):  0.070ns
    Total Input Jitter (TIJ):   0.000ns
    Discrete Jitter (DJ):       0.000ns
    Phase Error (PE):           0.000ns

  Maximum Data Path: audio/gen/rot/state_FSM_FFd2 to audio/gen/rot/level_1
    Location             Delay type         Delay(ns)  Physical Resource
                                                       Logical Resource(s)
    -------------------------------------------------  -------------------
    SLICE_X15Y63.CQ      Tcko                  0.450   audio/gen/rot/state_FSM_FFd2
                                                       audio/gen/rot/state_FSM_FFd2
    SLICE_X14Y63.B2      net (fanout=3)        0.638   audio/gen/rot/state_FSM_FFd2
    SLICE_X14Y63.B       Tilo                  0.094   audio/gen/rot/level<2>
                                                       audio/gen/rot/level_and0000_SW0
    SLICE_X16Y65.B4      net (fanout=4)        0.697   N446
    SLICE_X16Y65.B       Tilo                  0.094   audio/gen/rot/level_not0001
                                                       audio/gen/rot/level_and0000
    SLICE_X16Y65.C3      net (fanout=3)        0.461   audio/gen/rot/level_and0000
    SLICE_X16Y65.C       Tilo                  0.094   audio/gen/rot/level_not0001
                                                       audio/gen/rot/level_not0001
    SLICE_X14Y63.CE      net (fanout=2)        0.460   audio/gen/rot/level_not0001
    SLICE_X14Y63.CLK     Tceck                 0.229   audio/gen/rot/level<2>
                                                       audio/gen/rot/level_1
    -------------------------------------------------  ---------------------------
    Total                                      3.217ns (0.961ns logic, 2.256ns route)
                                                       (29.9% logic, 70.1% route)

--------------------------------------------------------------------------------
Slack (setup path):     78.437ns (requirement - (data path - clock path skew + uncertainty))
  Source:               audio/gen/rot/level_2 (FF)
  Destination:          audio/gen/rot/level_1 (FF)
  Requirement:          81.380ns
  Data Path Delay:      2.908ns (Levels of Logic = 2)
  Clock Path Skew:      0.000ns
  Source Clock:         ac97_bitclk_BUFGP rising at 0.000ns
  Destination Clock:    ac97_bitclk_BUFGP rising at 81.380ns
  Clock Uncertainty:    0.035ns

  Clock Uncertainty:          0.035ns  ((TSJ^2 + TIJ^2)^1/2 + DJ) / 2 + PE
    Total System Jitter (TSJ):  0.070ns
    Total Input Jitter (TIJ):   0.000ns
    Discrete Jitter (DJ):       0.000ns
    Phase Error (PE):           0.000ns

  Maximum Data Path: audio/gen/rot/level_2 to audio/gen/rot/level_1
    Location             Delay type         Delay(ns)  Physical Resource
                                                       Logical Resource(s)
    -------------------------------------------------  -------------------
    SLICE_X14Y63.DQ      Tcko                  0.450   audio/gen/rot/level<2>
                                                       audio/gen/rot/level_2
    SLICE_X16Y65.B2      net (fanout=30)       1.120   audio/gen/rot/level<2>
    SLICE_X16Y65.B       Tilo                  0.094   audio/gen/rot/level_not0001
                                                       audio/gen/rot/level_and0000
    SLICE_X16Y65.C3      net (fanout=3)        0.461   audio/gen/rot/level_and0000
    SLICE_X16Y65.C       Tilo                  0.094   audio/gen/rot/level_not0001
                                                       audio/gen/rot/level_not0001
    SLICE_X14Y63.CE      net (fanout=2)        0.460   audio/gen/rot/level_not0001
    SLICE_X14Y63.CLK     Tceck                 0.229   audio/gen/rot/level<2>
                                                       audio/gen/rot/level_1
    -------------------------------------------------  ---------------------------
    Total                                      2.908ns (0.867ns logic, 2.041ns route)
                                                       (29.8% logic, 70.2% route)

--------------------------------------------------------------------------------

Paths for end point audio/gen/rot/level_0 (SLICE_X14Y63.CE), 14 paths
--------------------------------------------------------------------------------
Slack (setup path):     77.870ns (requirement - (data path - clock path skew + uncertainty))
  Source:               audio/gen/rot/state_FSM_FFd3 (FF)
  Destination:          audio/gen/rot/level_0 (FF)
  Requirement:          81.380ns
  Data Path Delay:      3.489ns (Levels of Logic = 3)
  Clock Path Skew:      0.014ns (0.162 - 0.148)
  Source Clock:         ac97_bitclk_BUFGP rising at 0.000ns
  Destination Clock:    ac97_bitclk_BUFGP rising at 81.380ns
  Clock Uncertainty:    0.035ns

  Clock Uncertainty:          0.035ns  ((TSJ^2 + TIJ^2)^1/2 + DJ) / 2 + PE
    Total System Jitter (TSJ):  0.070ns
    Total Input Jitter (TIJ):   0.000ns
    Discrete Jitter (DJ):       0.000ns
    Phase Error (PE):           0.000ns

  Maximum Data Path: audio/gen/rot/state_FSM_FFd3 to audio/gen/rot/level_0
    Location             Delay type         Delay(ns)  Physical Resource
                                                       Logical Resource(s)
    -------------------------------------------------  -------------------
    SLICE_X15Y63.BQ      Tcko                  0.450   audio/gen/rot/state_FSM_FFd2
                                                       audio/gen/rot/state_FSM_FFd3
    SLICE_X14Y63.B1      net (fanout=3)        0.910   audio/gen/rot/state_FSM_FFd3
    SLICE_X14Y63.B       Tilo                  0.094   audio/gen/rot/level<2>
                                                       audio/gen/rot/level_and0000_SW0
    SLICE_X16Y65.B4      net (fanout=4)        0.697   N446
    SLICE_X16Y65.B       Tilo                  0.094   audio/gen/rot/level_not0001
                                                       audio/gen/rot/level_and0000
    SLICE_X16Y65.C3      net (fanout=3)        0.461   audio/gen/rot/level_and0000
    SLICE_X16Y65.C       Tilo                  0.094   audio/gen/rot/level_not0001
                                                       audio/gen/rot/level_not0001
    SLICE_X14Y63.CE      net (fanout=2)        0.460   audio/gen/rot/level_not0001
    SLICE_X14Y63.CLK     Tceck                 0.229   audio/gen/rot/level<2>
                                                       audio/gen/rot/level_0
    -------------------------------------------------  ---------------------------
    Total                                      3.489ns (0.961ns logic, 2.528ns route)
                                                       (27.5% logic, 72.5% route)

--------------------------------------------------------------------------------
Slack (setup path):     78.142ns (requirement - (data path - clock path skew + uncertainty))
  Source:               audio/gen/rot/state_FSM_FFd2 (FF)
  Destination:          audio/gen/rot/level_0 (FF)
  Requirement:          81.380ns
  Data Path Delay:      3.217ns (Levels of Logic = 3)
  Clock Path Skew:      0.014ns (0.162 - 0.148)
  Source Clock:         ac97_bitclk_BUFGP rising at 0.000ns
  Destination Clock:    ac97_bitclk_BUFGP rising at 81.380ns
  Clock Uncertainty:    0.035ns

  Clock Uncertainty:          0.035ns  ((TSJ^2 + TIJ^2)^1/2 + DJ) / 2 + PE
    Total System Jitter (TSJ):  0.070ns
    Total Input Jitter (TIJ):   0.000ns
    Discrete Jitter (DJ):       0.000ns
    Phase Error (PE):           0.000ns

  Maximum Data Path: audio/gen/rot/state_FSM_FFd2 to audio/gen/rot/level_0
    Location             Delay type         Delay(ns)  Physical Resource
                                                       Logical Resource(s)
    -------------------------------------------------  -------------------
    SLICE_X15Y63.CQ      Tcko                  0.450   audio/gen/rot/state_FSM_FFd2
                                                       audio/gen/rot/state_FSM_FFd2
    SLICE_X14Y63.B2      net (fanout=3)        0.638   audio/gen/rot/state_FSM_FFd2
    SLICE_X14Y63.B       Tilo                  0.094   audio/gen/rot/level<2>
                                                       audio/gen/rot/level_and0000_SW0
    SLICE_X16Y65.B4      net (fanout=4)        0.697   N446
    SLICE_X16Y65.B       Tilo                  0.094   audio/gen/rot/level_not0001
                                                       audio/gen/rot/level_and0000
    SLICE_X16Y65.C3      net (fanout=3)        0.461   audio/gen/rot/level_and0000
    SLICE_X16Y65.C       Tilo                  0.094   audio/gen/rot/level_not0001
                                                       audio/gen/rot/level_not0001
    SLICE_X14Y63.CE      net (fanout=2)        0.460   audio/gen/rot/level_not0001
    SLICE_X14Y63.CLK     Tceck                 0.229   audio/gen/rot/level<2>
                                                       audio/gen/rot/level_0
    -------------------------------------------------  ---------------------------
    Total                                      3.217ns (0.961ns logic, 2.256ns route)
                                                       (29.9% logic, 70.1% route)

--------------------------------------------------------------------------------
Slack (setup path):     78.437ns (requirement - (data path - clock path skew + uncertainty))
  Source:               audio/gen/rot/level_2 (FF)
  Destination:          audio/gen/rot/level_0 (FF)
  Requirement:          81.380ns
  Data Path Delay:      2.908ns (Levels of Logic = 2)
  Clock Path Skew:      0.000ns
  Source Clock:         ac97_bitclk_BUFGP rising at 0.000ns
  Destination Clock:    ac97_bitclk_BUFGP rising at 81.380ns
  Clock Uncertainty:    0.035ns

  Clock Uncertainty:          0.035ns  ((TSJ^2 + TIJ^2)^1/2 + DJ) / 2 + PE
    Total System Jitter (TSJ):  0.070ns
    Total Input Jitter (TIJ):   0.000ns
    Discrete Jitter (DJ):       0.000ns
    Phase Error (PE):           0.000ns

  Maximum Data Path: audio/gen/rot/level_2 to audio/gen/rot/level_0
    Location             Delay type         Delay(ns)  Physical Resource
                                                       Logical Resource(s)
    -------------------------------------------------  -------------------
    SLICE_X14Y63.DQ      Tcko                  0.450   audio/gen/rot/level<2>
                                                       audio/gen/rot/level_2
    SLICE_X16Y65.B2      net (fanout=30)       1.120   audio/gen/rot/level<2>
    SLICE_X16Y65.B       Tilo                  0.094   audio/gen/rot/level_not0001
                                                       audio/gen/rot/level_and0000
    SLICE_X16Y65.C3      net (fanout=3)        0.461   audio/gen/rot/level_and0000
    SLICE_X16Y65.C       Tilo                  0.094   audio/gen/rot/level_not0001
                                                       audio/gen/rot/level_not0001
    SLICE_X14Y63.CE      net (fanout=2)        0.460   audio/gen/rot/level_not0001
    SLICE_X14Y63.CLK     Tceck                 0.229   audio/gen/rot/level<2>
                                                       audio/gen/rot/level_0
    -------------------------------------------------  ---------------------------
    Total                                      2.908ns (0.867ns logic, 2.041ns route)
                                                       (29.8% logic, 70.2% route)

--------------------------------------------------------------------------------

Paths for end point audio/gen/rot/level_2 (SLICE_X14Y63.CE), 14 paths
--------------------------------------------------------------------------------
Slack (setup path):     77.870ns (requirement - (data path - clock path skew + uncertainty))
  Source:               audio/gen/rot/state_FSM_FFd3 (FF)
  Destination:          audio/gen/rot/level_2 (FF)
  Requirement:          81.380ns
  Data Path Delay:      3.489ns (Levels of Logic = 3)
  Clock Path Skew:      0.014ns (0.162 - 0.148)
  Source Clock:         ac97_bitclk_BUFGP rising at 0.000ns
  Destination Clock:    ac97_bitclk_BUFGP rising at 81.380ns
  Clock Uncertainty:    0.035ns

  Clock Uncertainty:          0.035ns  ((TSJ^2 + TIJ^2)^1/2 + DJ) / 2 + PE
    Total System Jitter (TSJ):  0.070ns
    Total Input Jitter (TIJ):   0.000ns
    Discrete Jitter (DJ):       0.000ns
    Phase Error (PE):           0.000ns

  Maximum Data Path: audio/gen/rot/state_FSM_FFd3 to audio/gen/rot/level_2
    Location             Delay type         Delay(ns)  Physical Resource
                                                       Logical Resource(s)
    -------------------------------------------------  -------------------
    SLICE_X15Y63.BQ      Tcko                  0.450   audio/gen/rot/state_FSM_FFd2
                                                       audio/gen/rot/state_FSM_FFd3
    SLICE_X14Y63.B1      net (fanout=3)        0.910   audio/gen/rot/state_FSM_FFd3
    SLICE_X14Y63.B       Tilo                  0.094   audio/gen/rot/level<2>
                                                       audio/gen/rot/level_and0000_SW0
    SLICE_X16Y65.B4      net (fanout=4)        0.697   N446
    SLICE_X16Y65.B       Tilo                  0.094   audio/gen/rot/level_not0001
                                                       audio/gen/rot/level_and0000
    SLICE_X16Y65.C3      net (fanout=3)        0.461   audio/gen/rot/level_and0000
    SLICE_X16Y65.C       Tilo                  0.094   audio/gen/rot/level_not0001
                                                       audio/gen/rot/level_not0001
    SLICE_X14Y63.CE      net (fanout=2)        0.460   audio/gen/rot/level_not0001
    SLICE_X14Y63.CLK     Tceck                 0.229   audio/gen/rot/level<2>
                                                       audio/gen/rot/level_2
    -------------------------------------------------  ---------------------------
    Total                                      3.489ns (0.961ns logic, 2.528ns route)
                                                       (27.5% logic, 72.5% route)

--------------------------------------------------------------------------------
Slack (setup path):     78.142ns (requirement - (data path - clock path skew + uncertainty))
  Source:               audio/gen/rot/state_FSM_FFd2 (FF)
  Destination:          audio/gen/rot/level_2 (FF)
  Requirement:          81.380ns
  Data Path Delay:      3.217ns (Levels of Logic = 3)
  Clock Path Skew:      0.014ns (0.162 - 0.148)
  Source Clock:         ac97_bitclk_BUFGP rising at 0.000ns
  Destination Clock:    ac97_bitclk_BUFGP rising at 81.380ns
  Clock Uncertainty:    0.035ns

  Clock Uncertainty:          0.035ns  ((TSJ^2 + TIJ^2)^1/2 + DJ) / 2 + PE
    Total System Jitter (TSJ):  0.070ns
    Total Input Jitter (TIJ):   0.000ns
    Discrete Jitter (DJ):       0.000ns
    Phase Error (PE):           0.000ns

  Maximum Data Path: audio/gen/rot/state_FSM_FFd2 to audio/gen/rot/level_2
    Location             Delay type         Delay(ns)  Physical Resource
                                                       Logical Resource(s)
    -------------------------------------------------  -------------------
    SLICE_X15Y63.CQ      Tcko                  0.450   audio/gen/rot/state_FSM_FFd2
                                                       audio/gen/rot/state_FSM_FFd2
    SLICE_X14Y63.B2      net (fanout=3)        0.638   audio/gen/rot/state_FSM_FFd2
    SLICE_X14Y63.B       Tilo                  0.094   audio/gen/rot/level<2>
                                                       audio/gen/rot/level_and0000_SW0
    SLICE_X16Y65.B4      net (fanout=4)        0.697   N446
    SLICE_X16Y65.B       Tilo                  0.094   audio/gen/rot/level_not0001
                                                       audio/gen/rot/level_and0000
    SLICE_X16Y65.C3      net (fanout=3)        0.461   audio/gen/rot/level_and0000
    SLICE_X16Y65.C       Tilo                  0.094   audio/gen/rot/level_not0001
                                                       audio/gen/rot/level_not0001
    SLICE_X14Y63.CE      net (fanout=2)        0.460   audio/gen/rot/level_not0001
    SLICE_X14Y63.CLK     Tceck                 0.229   audio/gen/rot/level<2>
                                                       audio/gen/rot/level_2
    -------------------------------------------------  ---------------------------
    Total                                      3.217ns (0.961ns logic, 2.256ns route)
                                                       (29.9% logic, 70.1% route)

--------------------------------------------------------------------------------
Slack (setup path):     78.437ns (requirement - (data path - clock path skew + uncertainty))
  Source:               audio/gen/rot/level_2 (FF)
  Destination:          audio/gen/rot/level_2 (FF)
  Requirement:          81.380ns
  Data Path Delay:      2.908ns (Levels of Logic = 2)
  Clock Path Skew:      0.000ns
  Source Clock:         ac97_bitclk_BUFGP rising at 0.000ns
  Destination Clock:    ac97_bitclk_BUFGP rising at 81.380ns
  Clock Uncertainty:    0.035ns

  Clock Uncertainty:          0.035ns  ((TSJ^2 + TIJ^2)^1/2 + DJ) / 2 + PE
    Total System Jitter (TSJ):  0.070ns
    Total Input Jitter (TIJ):   0.000ns
    Discrete Jitter (DJ):       0.000ns
    Phase Error (PE):           0.000ns

  Maximum Data Path: audio/gen/rot/level_2 to audio/gen/rot/level_2
    Location             Delay type         Delay(ns)  Physical Resource
                                                       Logical Resource(s)
    -------------------------------------------------  -------------------
    SLICE_X14Y63.DQ      Tcko                  0.450   audio/gen/rot/level<2>
                                                       audio/gen/rot/level_2
    SLICE_X16Y65.B2      net (fanout=30)       1.120   audio/gen/rot/level<2>
    SLICE_X16Y65.B       Tilo                  0.094   audio/gen/rot/level_not0001
                                                       audio/gen/rot/level_and0000
    SLICE_X16Y65.C3      net (fanout=3)        0.461   audio/gen/rot/level_and0000
    SLICE_X16Y65.C       Tilo                  0.094   audio/gen/rot/level_not0001
                                                       audio/gen/rot/level_not0001
    SLICE_X14Y63.CE      net (fanout=2)        0.460   audio/gen/rot/level_not0001
    SLICE_X14Y63.CLK     Tceck                 0.229   audio/gen/rot/level<2>
                                                       audio/gen/rot/level_2
    -------------------------------------------------  ---------------------------
    Total                                      2.908ns (0.867ns logic, 2.041ns route)
                                                       (29.8% logic, 70.2% route)

--------------------------------------------------------------------------------

Hold Paths: TS_ac97_bitclk = PERIOD TIMEGRP "ac97_bitclk" 12.288 MHz HIGH 50%;
--------------------------------------------------------------------------------

Paths for end point audio/freq3div/counter_6 (SLICE_X51Y95.AX), 1 path
--------------------------------------------------------------------------------
Slack (hold path):      0.451ns (requirement - (clock path skew + uncertainty - data path))
  Source:               audio/freq3div/counter_6 (FF)
  Destination:          audio/freq3div/counter_6 (FF)
  Requirement:          0.000ns
  Data Path Delay:      0.451ns (Levels of Logic = 1)
  Clock Path Skew:      0.000ns
  Source Clock:         ac97_bitclk_BUFGP rising at 81.380ns
  Destination Clock:    ac97_bitclk_BUFGP rising at 81.380ns
  Clock Uncertainty:    0.000ns

  Minimum Data Path: audio/freq3div/counter_6 to audio/freq3div/counter_6
    Location             Delay type         Delay(ns)  Physical Resource
                                                       Logical Resource(s)
    -------------------------------------------------  -------------------
    SLICE_X51Y95.AQ      Tcko                  0.414   audio/freq3div/counter<6>
                                                       audio/freq3div/counter_6
    SLICE_X51Y95.AX      net (fanout=2)        0.155   audio/freq3div/counter<6>
    SLICE_X51Y95.CLK     Tckdi       (-Th)     0.118   audio/freq3div/counter<6>
                                                       audio/freq3div/Mcount_counter_xor<6>11_f7
                                                       audio/freq3div/counter_6
    -------------------------------------------------  ---------------------------
    Total                                      0.451ns (0.296ns logic, 0.155ns route)
                                                       (65.6% logic, 34.4% route)

--------------------------------------------------------------------------------

Paths for end point audio/freq3div/counter_5 (SLICE_X49Y95.B6), 1 path
--------------------------------------------------------------------------------
Slack (hold path):      0.483ns (requirement - (clock path skew + uncertainty - data path))
  Source:               audio/freq3div/counter_4 (FF)
  Destination:          audio/freq3div/counter_5 (FF)
  Requirement:          0.000ns
  Data Path Delay:      0.483ns (Levels of Logic = 1)
  Clock Path Skew:      0.000ns
  Source Clock:         ac97_bitclk_BUFGP rising at 81.380ns
  Destination Clock:    ac97_bitclk_BUFGP rising at 81.380ns
  Clock Uncertainty:    0.000ns

  Minimum Data Path: audio/freq3div/counter_4 to audio/freq3div/counter_5
    Location             Delay type         Delay(ns)  Physical Resource
                                                       Logical Resource(s)
    -------------------------------------------------  -------------------
    SLICE_X49Y95.AQ      Tcko                  0.414   audio/freq3div/counter<5>
                                                       audio/freq3div/counter_4
    SLICE_X49Y95.B6      net (fanout=5)        0.265   audio/freq3div/counter<4>
    SLICE_X49Y95.CLK     Tah         (-Th)     0.196   audio/freq3div/counter<5>
                                                       audio/freq3div/Mcount_counter_xor<5>11
                                                       audio/freq3div/counter_5
    -------------------------------------------------  ---------------------------
    Total                                      0.483ns (0.218ns logic, 0.265ns route)
                                                       (45.1% logic, 54.9% route)

--------------------------------------------------------------------------------

Paths for end point audio/freq12div/counter_5 (SLICE_X54Y97.B6), 1 path
--------------------------------------------------------------------------------
Slack (hold path):      0.507ns (requirement - (clock path skew + uncertainty - data path))
  Source:               audio/freq12div/counter_4 (FF)
  Destination:          audio/freq12div/counter_5 (FF)
  Requirement:          0.000ns
  Data Path Delay:      0.507ns (Levels of Logic = 1)
  Clock Path Skew:      0.000ns
  Source Clock:         ac97_bitclk_BUFGP rising at 81.380ns
  Destination Clock:    ac97_bitclk_BUFGP rising at 81.380ns
  Clock Uncertainty:    0.000ns

  Minimum Data Path: audio/freq12div/counter_4 to audio/freq12div/counter_5
    Location             Delay type         Delay(ns)  Physical Resource
                                                       Logical Resource(s)
    -------------------------------------------------  -------------------
    SLICE_X54Y97.AQ      Tcko                  0.414   audio/freq12div/counter<5>
                                                       audio/freq12div/counter_4
    SLICE_X54Y97.B6      net (fanout=3)        0.289   audio/freq12div/counter<4>
    SLICE_X54Y97.CLK     Tah         (-Th)     0.196   audio/freq12div/counter<5>
                                                       audio/freq12div/Mcount_counter_xor<5>11
                                                       audio/freq12div/counter_5
    -------------------------------------------------  ---------------------------
    Total                                      0.507ns (0.218ns logic, 0.289ns route)
                                                       (43.0% logic, 57.0% route)

--------------------------------------------------------------------------------

Component Switching Limit Checks: TS_ac97_bitclk = PERIOD TIMEGRP "ac97_bitclk" 12.288 MHz HIGH 50%;
--------------------------------------------------------------------------------
Slack: 79.714ns (period - min period limit)
  Period: 81.380ns
  Min period limit: 1.666ns (600.240MHz) (Tbgper_I)
  Physical resource: ac97_bitclk_BUFGP/BUFG/I0
  Logical resource: ac97_bitclk_BUFGP/BUFG/I0
  Location pin: BUFGCTRL_X0Y7.I0
  Clock network: ac97_bitclk_BUFGP/IBUFG
--------------------------------------------------------------------------------
Slack: 80.326ns (period - (min low pulse limit / (low pulse / period)))
  Period: 81.380ns
  Low pulse: 40.690ns
  Low pulse limit: 0.527ns (Trpw)
  Physical resource: audio/regs/NR52<7>/SR
  Logical resource: audio/regs/NR52_7/SR
  Location pin: SLICE_X31Y76.SR
  Clock network: GPIO_SW_C_IBUF
--------------------------------------------------------------------------------
Slack: 80.326ns (period - (min high pulse limit / (high pulse / period)))
  Period: 81.380ns
  High pulse: 40.690ns
  High pulse limit: 0.527ns (Trpw)
  Physical resource: audio/regs/NR52<7>/SR
  Logical resource: audio/regs/NR52_7/SR
  Location pin: SLICE_X31Y76.SR
  Clock network: GPIO_SW_C_IBUF
--------------------------------------------------------------------------------


All constraints were met.


Data Sheet report:
-----------------
All values displayed in nanoseconds (ns)

Clock to Setup on destination clock ac97_bitclk
---------------+---------+---------+---------+---------+
               | Src:Rise| Src:Fall| Src:Rise| Src:Fall|
Source Clock   |Dest:Rise|Dest:Rise|Dest:Fall|Dest:Fall|
---------------+---------+---------+---------+---------+
ac97_bitclk    |    3.510|         |         |         |
---------------+---------+---------+---------+---------+


Timing summary:
---------------

Timing errors: 0  Score: 0  (Setup/Max: 0, Hold: 0)

Constraints cover 689 paths, 0 nets, and 205 connections

Design statistics:
   Minimum period:   3.510ns{1}   (Maximum frequency: 284.900MHz)


------------------------------------Footnotes-----------------------------------
1)  The minimum period statistic assumes all single cycle delays.

Analysis completed Wed Nov 20 17:45:51 2013 
--------------------------------------------------------------------------------

Trace Settings:
-------------------------
Trace Settings 

Peak Memory Usage: 493 MB



