#-----------------------------------------------------------
# PlanAhead v14.3 (64-bit)
# Build 209282 by xbuild on Thu Oct 18 20:46:04 MDT 2012
# Start of session at: Fri Oct 25 17:00:38 2013
# Process ID: 10454
# Log file: /Gameboy/NES/planAhead_run_2/planAhead.log
# Journal file: /Gameboy/NES/planAhead_run_2/planAhead.jou
#-----------------------------------------------------------
start_gui
source /Gameboy/NES/pa.fromNetlist.tcl
startgroup
set_property package_pin AF18 [get_ports clk_in]
endgroup
startgroup
set_property package_pin H18 [get_ports ctrl_a]
endgroup
startgroup
set_property package_pin L18 [get_ports ctrl_b]
endgroup
startgroup
set_property package_pin G15 [get_ports ctrl_dn]
endgroup
startgroup
set_property package_pin AD26 [get_ports ctrl_l]
endgroup
startgroup
set_property package_pin G16 [get_ports ctrl_r]
endgroup
set_property package_pin "" [get_ports [list  ctrl_sel]]
set_property package_pin "" [get_ports [list  ctrl_dn]]
startgroup
set_property package_pin G15 [get_ports ctrl_sel]
endgroup
set_property package_pin "" [get_ports [list  ctrl_l]]
startgroup
set_property package_pin AD26 [get_ports ctrl_start]
endgroup
set_property package_pin "" [get_ports [list  ctrl_l]]
set_property package_pin "" [get_ports [list  ctrl_r]]
startgroup
set_property package_pin G16 [get_ports ctrl_up]
endgroup
startgroup
set_property package_pin AD25 [get_ports ctrl_dn]
endgroup
startgroup
set_property package_pin AD24 [get_ports ctrl_l]
endgroup
startgroup
set_property package_pin AE24 [get_ports ctrl_r]
endgroup
startgroup
set_property package_pin K34 [get_ports data]
endgroup
startgroup
set_property package_pin L34 [get_ports strobe]
endgroup
startgroup
set_property package_pin K32 [get_ports clk_out]
endgroup
save_design
