#-----------------------------------------------------------
# PlanAhead v14.3 (64-bit)
# Build 209282 by xbuild on Thu Oct 18 20:46:04 MDT 2012
# Start of session at: Wed Oct  2 19:39:52 2013
# Process ID: 20224
# Log file: /Gameboy/rotary_controller/controller_test/planAhead_run_3/planAhead.log
# Journal file: /Gameboy/rotary_controller/controller_test/planAhead_run_3/planAhead.jou
#-----------------------------------------------------------
start_gui
source /Gameboy/rotary_controller/controller_test/pa.fromHdl.tcl
update_compile_order -fileset sim_1
startgroup
set_property package_pin AH17 [get_ports clk]
endgroup
set_property iostandard LVCMOS25 [get_ports [list clk]]
set_property iostandard LVCMOS33 [get_ports [list clk]]
startgroup
set_property package_pin AE24 [get_ports {count[0]}]
endgroup
startgroup
set_property package_pin AD24 [get_ports {count[1]}]
endgroup
startgroup
set_property package_pin AD25 [get_ports {count[2]}]
endgroup
startgroup
set_property package_pin G16 [get_ports {count[3]}]
endgroup
save_design
