Release 14.3 Map P.40xd (nt64)
Xilinx Map Application Log File for Design 'lcd_top_flashcart'

Design Information
------------------
Command Line   : map -intstyle ise -p xc5vlx110t-ff1136-1 -w -logic_opt off -ol
high -t 1 -register_duplication off -global_opt off -mt off -cm area -ir off -pr
off -lc off -power off -o lcd_top_flashcart_map.ncd lcd_top_flashcart.ngd
lcd_top_flashcart.pcf 
Target Device  : xc5vlx110t
Target Package : ff1136
Target Speed   : -1
Mapper Version : virtex5 -- $Revision: 1.55 $
Mapped Date    : Wed Dec 04 01:48:43 2013

Mapping design into LUTs...
Running directed packing...
Running delay-based LUT packing...
Updating timing models...
INFO:Map:215 - The Interim Design Summary has been generated in the MAP Report
   (.mrp).
Running timing-driven placement...
Total REAL time at the beginning of Placer: 21 secs 
Total CPU  time at the beginning of Placer: 21 secs 

Phase 1.1  Initial Placement Analysis
Phase 1.1  Initial Placement Analysis (Checksum:a88c5672) REAL time: 24 secs 

Phase 2.7  Design Feasibility Check
INFO:Place:834 - Only a subset of IOs are locked. Out of 113 IOs, 112 are locked
   and 1 are not locked. If you would like to print the names of these IOs,
   please set the environment variable XIL_PAR_DESIGN_CHECK_VERBOSE to 1. 
Phase 2.7  Design Feasibility Check (Checksum:a88c5672) REAL time: 24 secs 

Phase 3.31  Local Placement Optimization
Phase 3.31  Local Placement Optimization (Checksum:422d0d3a) REAL time: 24 secs 

Phase 4.37  Local Placement Optimization
Phase 4.37  Local Placement Optimization (Checksum:422d0d3a) REAL time: 24 secs 

Phase 5.33  Local Placement Optimization
Phase 5.33  Local Placement Optimization (Checksum:422d0d3a) REAL time: 25 secs 

Phase 6.32  Local Placement Optimization
Phase 6.32  Local Placement Optimization (Checksum:422d0d3a) REAL time: 26 secs 

Phase 7.2  Initial Clock and IO Placement
...
Phase 7.2  Initial Clock and IO Placement (Checksum:ddcbcff3) REAL time: 26 secs 

Phase 8.36  Local Placement Optimization
Phase 8.36  Local Placement Optimization (Checksum:ddcbcff3) REAL time: 26 secs 

...
.............................................................
Phase 9.30  Global Clock Region Assignment


######################################################################################
# GLOBAL CLOCK NET DISTRIBUTION UCF REPORT:
#
# Number of Global Clock Regions : 16
# Number of Global Clock Networks: 15
#
# Clock Region Assignment: SUCCESSFUL

# Location of Clock Components
INST "cdiv/clock_out_BUFG" LOC = "BUFGCTRL_X0Y25" ;
INST "cicon/U0/U_ICON/I_YES_BSCAN.U_BS/I_USE_SOFTBSCAN_EQ0.I_USE_XST_TCK_WORKAROUND_EQ1.U_ICON_BSCAN_BUFG/U_BUFG" LOC = "BUFGCTRL_X0Y26" ;
INST "CLK_33MHZ_FPGA_IBUFG_BUFG" LOC = "BUFGCTRL_X0Y0" ;
INST "gpu/setup/idelay_ctrl_mod/x2/clk0_BUFG" LOC = "BUFGCTRL_X0Y5" ;
INST "cont/statediv/clock_out_BUFG" LOC = "BUFGCTRL_X0Y27" ;
INST "gpu/setup/idelay_ctrl_mod/x2/CLK2X_BUFG_INST" LOC = "BUFGCTRL_X0Y6" ;
INST "gpu/converter/clock_mux_b1" LOC = "BUFGCTRL_X0Y1" ;
INST "gpu/converter/clock_mux_b2" LOC = "BUFGCTRL_X0Y2" ;
INST "gpu/setup/clk31p5_dcm_inst/CLK2X_BUFG_INST" LOC = "BUFGCTRL_X0Y3" ;
INST "gpu/setup/clk31p5_dcm_inst/clk0_BUFG" LOC = "BUFGCTRL_X0Y4" ;
INST "audio/sweepdiv/clock_out_BUFG" LOC = "BUFGCTRL_X0Y28" ;
INST "audio/freq12div/clock_out_BUFG" LOC = "BUFGCTRL_X0Y29" ;
INST "audio/freq3div/clock_out_BUFG" LOC = "BUFGCTRL_X0Y30" ;
INST "audio/lendiv/clock_out_BUFG" LOC = "BUFGCTRL_X0Y31" ;
INST "ac97_bitclk_BUFGP/BUFG" LOC = "BUFGCTRL_X0Y7" ;
INST "gpu/setup/clk31p5_dcm_inst/DCM_31p5_INST" LOC = "DCM_ADV_X0Y0" ;
INST "gpu/setup/idelay_ctrl_mod/x2/DCM_2X_INST" LOC = "DCM_ADV_X0Y1" ;
INST "USER_CLK" LOC = "AH15" ;
INST "CLK_27MHZ_FPGA" LOC = "AG18" ;
INST "ac97_bitclk" LOC = "AF18" ;
INST "CLK_33MHZ_FPGA" LOC = "AH17" ;

# cdiv/clock_out driven by BUFGCTRL_X0Y25
NET "cdiv/clock_out" TNM_NET = "TN_cdiv/clock_out" ;
TIMEGRP "TN_cdiv/clock_out" AREA_GROUP = "CLKAG_cdiv/clock_out" ;
AREA_GROUP "CLKAG_cdiv/clock_out" RANGE =   CLOCKREGION_X0Y0, CLOCKREGION_X1Y0, CLOCKREGION_X0Y1, CLOCKREGION_X1Y1, CLOCKREGION_X0Y2, CLOCKREGION_X1Y2, CLOCKREGION_X0Y3, CLOCKREGION_X1Y3, CLOCKREGION_X0Y4, CLOCKREGION_X1Y4, CLOCKREGION_X0Y5, CLOCKREGION_X1Y5, CLOCKREGION_X0Y6, CLOCKREGION_X1Y6, CLOCKREGION_X0Y7, CLOCKREGION_X1Y7 ;

# CONTROL0<0> driven by BUFGCTRL_X0Y26
NET "CONTROL0<0>" TNM_NET = "TN_CONTROL0<0>" ;
TIMEGRP "TN_CONTROL0<0>" AREA_GROUP = "CLKAG_CONTROL0<0>" ;
AREA_GROUP "CLKAG_CONTROL0<0>" RANGE =   CLOCKREGION_X0Y0, CLOCKREGION_X1Y0, CLOCKREGION_X0Y1, CLOCKREGION_X1Y1, CLOCKREGION_X0Y2, CLOCKREGION_X1Y2, CLOCKREGION_X0Y3, CLOCKREGION_X1Y3, CLOCKREGION_X0Y4, CLOCKREGION_X1Y4, CLOCKREGION_X0Y5, CLOCKREGION_X1Y5, CLOCKREGION_X0Y6, CLOCKREGION_X1Y6, CLOCKREGION_X0Y7, CLOCKREGION_X1Y7 ;

# CLK_33MHZ_FPGA_IBUFG driven by BUFGCTRL_X0Y0
NET "CLK_33MHZ_FPGA_IBUFG" TNM_NET = "TN_CLK_33MHZ_FPGA_IBUFG" ;
TIMEGRP "TN_CLK_33MHZ_FPGA_IBUFG" AREA_GROUP = "CLKAG_CLK_33MHZ_FPGA_IBUFG" ;
AREA_GROUP "CLKAG_CLK_33MHZ_FPGA_IBUFG" RANGE =   CLOCKREGION_X0Y0, CLOCKREGION_X1Y0, CLOCKREGION_X0Y1, CLOCKREGION_X1Y1, CLOCKREGION_X0Y2, CLOCKREGION_X1Y2, CLOCKREGION_X0Y3, CLOCKREGION_X1Y3, CLOCKREGION_X0Y4, CLOCKREGION_X1Y4, CLOCKREGION_X0Y5, CLOCKREGION_X1Y5, CLOCKREGION_X0Y6, CLOCKREGION_X1Y6, CLOCKREGION_X0Y7, CLOCKREGION_X1Y7 ;

# gpu/setup/idelay_ctrl_mod/x2/clk0 driven by BUFGCTRL_X0Y5
NET "gpu/setup/idelay_ctrl_mod/x2/clk0" TNM_NET = "TN_gpu/setup/idelay_ctrl_mod/x2/clk0" ;
TIMEGRP "TN_gpu/setup/idelay_ctrl_mod/x2/clk0" AREA_GROUP = "CLKAG_gpu/setup/idelay_ctrl_mod/x2/clk0" ;
AREA_GROUP "CLKAG_gpu/setup/idelay_ctrl_mod/x2/clk0" RANGE =   CLOCKREGION_X0Y0, CLOCKREGION_X1Y0, CLOCKREGION_X0Y1, CLOCKREGION_X1Y1 ;

# cont/statediv/clock_out driven by BUFGCTRL_X0Y27
NET "cont/statediv/clock_out" TNM_NET = "TN_cont/statediv/clock_out" ;
TIMEGRP "TN_cont/statediv/clock_out" AREA_GROUP = "CLKAG_cont/statediv/clock_out" ;
AREA_GROUP "CLKAG_cont/statediv/clock_out" RANGE =   CLOCKREGION_X0Y0, CLOCKREGION_X1Y0, CLOCKREGION_X0Y1, CLOCKREGION_X1Y1, CLOCKREGION_X0Y2, CLOCKREGION_X1Y2, CLOCKREGION_X0Y3, CLOCKREGION_X1Y3, CLOCKREGION_X0Y4, CLOCKREGION_X1Y4, CLOCKREGION_X0Y5, CLOCKREGION_X1Y5, CLOCKREGION_X0Y6, CLOCKREGION_X1Y6, CLOCKREGION_X0Y7, CLOCKREGION_X1Y7 ;

# gpu/setup/idelay_ctrl_mod/clk200 driven by BUFGCTRL_X0Y6
NET "gpu/setup/idelay_ctrl_mod/clk200" TNM_NET = "TN_gpu/setup/idelay_ctrl_mod/clk200" ;
TIMEGRP "TN_gpu/setup/idelay_ctrl_mod/clk200" AREA_GROUP = "CLKAG_gpu/setup/idelay_ctrl_mod/clk200" ;
AREA_GROUP "CLKAG_gpu/setup/idelay_ctrl_mod/clk200" RANGE =   CLOCKREGION_X1Y0, CLOCKREGION_X1Y1, CLOCKREGION_X1Y2, CLOCKREGION_X1Y3, CLOCKREGION_X1Y4, CLOCKREGION_X1Y5, CLOCKREGION_X1Y6, CLOCKREGION_X1Y7 ;

# gpu/converter/b1_clk driven by BUFGCTRL_X0Y1
NET "gpu/converter/b1_clk" TNM_NET = "TN_gpu/converter/b1_clk" ;
TIMEGRP "TN_gpu/converter/b1_clk" AREA_GROUP = "CLKAG_gpu/converter/b1_clk" ;
AREA_GROUP "CLKAG_gpu/converter/b1_clk" RANGE =   CLOCKREGION_X0Y0, CLOCKREGION_X1Y0, CLOCKREGION_X0Y1, CLOCKREGION_X1Y1, CLOCKREGION_X0Y2, CLOCKREGION_X1Y2 ;

# gpu/converter/b2_clk driven by BUFGCTRL_X0Y2
NET "gpu/converter/b2_clk" TNM_NET = "TN_gpu/converter/b2_clk" ;
TIMEGRP "TN_gpu/converter/b2_clk" AREA_GROUP = "CLKAG_gpu/converter/b2_clk" ;
AREA_GROUP "CLKAG_gpu/converter/b2_clk" RANGE =   CLOCKREGION_X0Y0, CLOCKREGION_X1Y0, CLOCKREGION_X0Y1, CLOCKREGION_X1Y1, CLOCKREGION_X0Y2, CLOCKREGION_X1Y2, CLOCKREGION_X0Y3, CLOCKREGION_X1Y3, CLOCKREGION_X0Y4, CLOCKREGION_X1Y4, CLOCKREGION_X0Y5, CLOCKREGION_X1Y5, CLOCKREGION_X0Y6, CLOCKREGION_X1Y6, CLOCKREGION_X0Y7, CLOCKREGION_X1Y7 ;

# gpu/gpuclk driven by BUFGCTRL_X0Y3
NET "gpu/gpuclk" TNM_NET = "TN_gpu/gpuclk" ;
TIMEGRP "TN_gpu/gpuclk" AREA_GROUP = "CLKAG_gpu/gpuclk" ;
AREA_GROUP "CLKAG_gpu/gpuclk" RANGE =   CLOCKREGION_X0Y0, CLOCKREGION_X1Y0, CLOCKREGION_X0Y1, CLOCKREGION_X1Y1, CLOCKREGION_X0Y2, CLOCKREGION_X1Y2, CLOCKREGION_X0Y3, CLOCKREGION_X1Y3, CLOCKREGION_X0Y4, CLOCKREGION_X1Y4, CLOCKREGION_X0Y5, CLOCKREGION_X1Y5, CLOCKREGION_X0Y6, CLOCKREGION_X1Y6, CLOCKREGION_X0Y7, CLOCKREGION_X1Y7 ;

# gpu/setup/clk31p5_dcm_inst/clk0 driven by BUFGCTRL_X0Y4
NET "gpu/setup/clk31p5_dcm_inst/clk0" TNM_NET = "TN_gpu/setup/clk31p5_dcm_inst/clk0" ;
TIMEGRP "TN_gpu/setup/clk31p5_dcm_inst/clk0" AREA_GROUP = "CLKAG_gpu/setup/clk31p5_dcm_inst/clk0" ;
AREA_GROUP "CLKAG_gpu/setup/clk31p5_dcm_inst/clk0" RANGE =   CLOCKREGION_X0Y0, CLOCKREGION_X0Y1 ;

# audio/sweepdiv/clock_out driven by BUFGCTRL_X0Y28
NET "audio/sweepdiv/clock_out" TNM_NET = "TN_audio/sweepdiv/clock_out" ;
TIMEGRP "TN_audio/sweepdiv/clock_out" AREA_GROUP = "CLKAG_audio/sweepdiv/clock_out" ;
AREA_GROUP "CLKAG_audio/sweepdiv/clock_out" RANGE =   CLOCKREGION_X0Y2, CLOCKREGION_X1Y2, CLOCKREGION_X0Y3, CLOCKREGION_X1Y3, CLOCKREGION_X0Y4, CLOCKREGION_X0Y5, CLOCKREGION_X0Y6, CLOCKREGION_X0Y7 ;

# audio/freq12div/clock_out driven by BUFGCTRL_X0Y29
NET "audio/freq12div/clock_out" TNM_NET = "TN_audio/freq12div/clock_out" ;
TIMEGRP "TN_audio/freq12div/clock_out" AREA_GROUP = "CLKAG_audio/freq12div/clock_out" ;
AREA_GROUP "CLKAG_audio/freq12div/clock_out" RANGE =   CLOCKREGION_X0Y2, CLOCKREGION_X0Y3, CLOCKREGION_X1Y3, CLOCKREGION_X0Y4, CLOCKREGION_X0Y5, CLOCKREGION_X0Y6, CLOCKREGION_X0Y7 ;

# audio/freq3div/clock_out driven by BUFGCTRL_X0Y30
NET "audio/freq3div/clock_out" TNM_NET = "TN_audio/freq3div/clock_out" ;
TIMEGRP "TN_audio/freq3div/clock_out" AREA_GROUP = "CLKAG_audio/freq3div/clock_out" ;
AREA_GROUP "CLKAG_audio/freq3div/clock_out" RANGE =   CLOCKREGION_X1Y4, CLOCKREGION_X1Y5, CLOCKREGION_X1Y6, CLOCKREGION_X1Y7 ;

# audio/lendiv/clock_out driven by BUFGCTRL_X0Y31
NET "audio/lendiv/clock_out" TNM_NET = "TN_audio/lendiv/clock_out" ;
TIMEGRP "TN_audio/lendiv/clock_out" AREA_GROUP = "CLKAG_audio/lendiv/clock_out" ;
AREA_GROUP "CLKAG_audio/lendiv/clock_out" RANGE =   CLOCKREGION_X0Y3, CLOCKREGION_X0Y4, CLOCKREGION_X1Y4, CLOCKREGION_X0Y5, CLOCKREGION_X1Y5, CLOCKREGION_X0Y6, CLOCKREGION_X1Y6, CLOCKREGION_X0Y7, CLOCKREGION_X1Y7 ;

# ac97_bitclk_BUFGP driven by BUFGCTRL_X0Y7
NET "ac97_bitclk_BUFGP" TNM_NET = "TN_ac97_bitclk_BUFGP" ;
TIMEGRP "TN_ac97_bitclk_BUFGP" AREA_GROUP = "CLKAG_ac97_bitclk_BUFGP" ;
AREA_GROUP "CLKAG_ac97_bitclk_BUFGP" RANGE =   CLOCKREGION_X0Y0, CLOCKREGION_X1Y0, CLOCKREGION_X0Y1, CLOCKREGION_X1Y1, CLOCKREGION_X0Y2, CLOCKREGION_X1Y2, CLOCKREGION_X0Y3, CLOCKREGION_X1Y3, CLOCKREGION_X0Y4, CLOCKREGION_X1Y4, CLOCKREGION_X0Y5, CLOCKREGION_X1Y5, CLOCKREGION_X0Y6, CLOCKREGION_X1Y6, CLOCKREGION_X0Y7, CLOCKREGION_X1Y7 ;

# NOTE: 
# This report is provided to help reproduce successful clock-region 
# assignments. The report provides range constraints for all global 
# clock networks, in a format that is directly usable in ucf files. 
#
#END of Global Clock Net Distribution UCF Constraints
######################################################################################


######################################################################################
GLOBAL CLOCK NET LOADS DISTRIBUTION REPORT:

Number of Global Clock Regions : 16
Number of Global Clock Networks: 15

Clock Region Assignment: SUCCESSFUL

Clock-Region: <CLOCKREGION_X0Y0> 
 key resource utilizations (used/available): global-clocks - 4/10 ;
--------+--------+--------+--------+--------+--------+--------+--------+--------+--------+--------+--------+--------+--------+----------------------------------------
   BRAM |    DCM |    PLL |     GT | ILOGIC | OLOGIC |   MULT |  TEMAC |    PPC |   PCIE | IDLYCT | BUFGCT | LUTRAM |     FF | <- (Types of Resources in this  Region)
   FIFO |        |        |        |        |        |        |        |        |        |        |        |        |        |
--------+--------+--------+--------+--------+--------+--------+--------+--------+--------+--------+--------+--------+--------+----------------------------------------
      8 |      0 |      0 |      0 |     80 |     80 |      8 |      0 |      0 |      0 |      2 |      0 |   2080 |   3840 | <- (Available Resources in this Region)
--------+--------+--------+--------+--------+--------+--------+--------+--------+--------+--------+--------+--------+--------+----------------------------------------
        |        |        |        |        |        |        |        |        |        |        |        |        |        | <Global clock Net Name>
--------+--------+--------+--------+--------+--------+--------+--------+--------+--------+--------+--------+--------+--------+----------------------------------------
      0 |      0 |      0 |      0 |      0 |      0 |      0 |      0 |      0 |      0 |      0 |      0 |      0 |    332 |CLK_33MHZ_FPGA_IBUFG
      6 |      0 |      0 |      0 |      0 |      0 |      0 |      0 |      0 |      0 |      0 |      0 |      0 |      0 |CONTROL0<0>
      6 |      0 |      0 |      0 |      0 |      0 |      0 |      0 |      0 |      0 |      0 |      0 |     16 |    300 |cdiv/clock_out
      0 |      0 |      0 |      0 |      0 |      0 |      0 |      0 |      0 |      0 |      0 |      0 |     60 |      0 |gpu/converter/b2_clk
--------+--------+--------+--------+--------+--------+--------+--------+--------+--------+--------+--------+--------+--------+----------------------------------------
     12 |      0 |      0 |      0 |      0 |      0 |      0 |      0 |      0 |      0 |      0 |      0 |     76 |    632 | Total 
--------+--------+--------+--------+--------+--------+--------+--------+--------+--------+--------+--------+--------+--------+----------------------------------------


Clock-Region: <CLOCKREGION_X1Y0> 
 key resource utilizations (used/available): global-clocks - 4/10 ;
--------+--------+--------+--------+--------+--------+--------+--------+--------+--------+--------+--------+--------+--------+----------------------------------------
   BRAM |    DCM |    PLL |     GT | ILOGIC | OLOGIC |   MULT |  TEMAC |    PPC |   PCIE | IDLYCT | BUFGCT | LUTRAM |     FF | <- (Types of Resources in this  Region)
   FIFO |        |        |        |        |        |        |        |        |        |        |        |        |        |
--------+--------+--------+--------+--------+--------+--------+--------+--------+--------+--------+--------+--------+--------+----------------------------------------
     12 |      0 |      0 |      1 |     40 |     40 |      0 |      0 |      0 |      0 |      1 |      0 |   2400 |   4800 | <- (Available Resources in this Region)
--------+--------+--------+--------+--------+--------+--------+--------+--------+--------+--------+--------+--------+--------+----------------------------------------
        |        |        |        |        |        |        |        |        |        |        |        |        |        | <Global clock Net Name>
--------+--------+--------+--------+--------+--------+--------+--------+--------+--------+--------+--------+--------+--------+----------------------------------------
      2 |      0 |      0 |      0 |      0 |      0 |      0 |      0 |      0 |      0 |      0 |      0 |      0 |    122 |CLK_33MHZ_FPGA_IBUFG
      9 |      0 |      0 |      0 |      0 |      0 |      0 |      0 |      0 |      0 |      0 |      0 |      0 |      0 |CONTROL0<0>
      9 |      0 |      0 |      0 |      0 |      0 |      0 |      0 |      0 |      0 |      0 |      0 |     12 |      6 |cdiv/clock_out
      0 |      0 |      0 |      0 |      0 |      0 |      0 |      0 |      0 |      0 |      0 |      0 |   1266 |      0 |gpu/converter/b2_clk
--------+--------+--------+--------+--------+--------+--------+--------+--------+--------+--------+--------+--------+--------+----------------------------------------
     20 |      0 |      0 |      0 |      0 |      0 |      0 |      0 |      0 |      0 |      0 |      0 |   1278 |    128 | Total 
--------+--------+--------+--------+--------+--------+--------+--------+--------+--------+--------+--------+--------+--------+----------------------------------------


Clock-Region: <CLOCKREGION_X0Y1> 
 key resource utilizations (used/available): global-clocks - 5/10 ;
--------+--------+--------+--------+--------+--------+--------+--------+--------+--------+--------+--------+--------+--------+----------------------------------------
   BRAM |    DCM |    PLL |     GT | ILOGIC | OLOGIC |   MULT |  TEMAC |    PPC |   PCIE | IDLYCT | BUFGCT | LUTRAM |     FF | <- (Types of Resources in this  Region)
   FIFO |        |        |        |        |        |        |        |        |        |        |        |        |        |
--------+--------+--------+--------+--------+--------+--------+--------+--------+--------+--------+--------+--------+--------+----------------------------------------
      8 |      4 |      2 |      0 |     40 |     40 |      8 |      0 |      0 |      0 |      1 |      0 |   2080 |   3840 | <- (Available Resources in this Region)
--------+--------+--------+--------+--------+--------+--------+--------+--------+--------+--------+--------+--------+--------+----------------------------------------
        |        |        |        |        |        |        |        |        |        |        |        |        |        | <Global clock Net Name>
--------+--------+--------+--------+--------+--------+--------+--------+--------+--------+--------+--------+--------+--------+----------------------------------------
      8 |      0 |      0 |      0 |      0 |      0 |      0 |      0 |      0 |      0 |      0 |      0 |      0 |      0 |CONTROL0<0>
      8 |      0 |      0 |      0 |      0 |      0 |      0 |      0 |      0 |      0 |      0 |      0 |     86 |    795 |cdiv/clock_out
      0 |      0 |      0 |      0 |      0 |      0 |      0 |      0 |      0 |      0 |      0 |      0 |     36 |      0 |gpu/converter/b1_clk
      0 |      1 |      0 |      0 |      0 |      0 |      0 |      0 |      0 |      0 |      0 |      0 |      0 |      0 |gpu/setup/clk31p5_dcm_inst/clk0
      0 |      1 |      0 |      0 |      0 |      0 |      0 |      0 |      0 |      0 |      0 |      0 |      0 |      0 |gpu/setup/idelay_ctrl_mod/x2/clk0
--------+--------+--------+--------+--------+--------+--------+--------+--------+--------+--------+--------+--------+--------+----------------------------------------
     16 |      2 |      0 |      0 |      0 |      0 |      0 |      0 |      0 |      0 |      0 |      0 |    122 |    795 | Total 
--------+--------+--------+--------+--------+--------+--------+--------+--------+--------+--------+--------+--------+--------+----------------------------------------


Clock-Region: <CLOCKREGION_X1Y1> 
 key resource utilizations (used/available): global-clocks - 7/10 ;
--------+--------+--------+--------+--------+--------+--------+--------+--------+--------+--------+--------+--------+--------+----------------------------------------
   BRAM |    DCM |    PLL |     GT | ILOGIC | OLOGIC |   MULT |  TEMAC |    PPC |   PCIE | IDLYCT | BUFGCT | LUTRAM |     FF | <- (Types of Resources in this  Region)
   FIFO |        |        |        |        |        |        |        |        |        |        |        |        |        |
--------+--------+--------+--------+--------+--------+--------+--------+--------+--------+--------+--------+--------+--------+----------------------------------------
     12 |      0 |      0 |      1 |     40 |     40 |      0 |      0 |      0 |      0 |      1 |      0 |   2400 |   4800 | <- (Available Resources in this Region)
--------+--------+--------+--------+--------+--------+--------+--------+--------+--------+--------+--------+--------+--------+----------------------------------------
        |        |        |        |        |        |        |        |        |        |        |        |        |        | <Global clock Net Name>
--------+--------+--------+--------+--------+--------+--------+--------+--------+--------+--------+--------+--------+--------+----------------------------------------
      1 |      0 |      0 |      0 |      0 |      0 |      0 |      0 |      0 |      0 |      0 |      0 |      0 |    165 |CLK_33MHZ_FPGA_IBUFG
     10 |      0 |      0 |      0 |      0 |      0 |      0 |      0 |      0 |      0 |      0 |      0 |      0 |      0 |CONTROL0<0>
     10 |      0 |      0 |      0 |      0 |      0 |      0 |      0 |      0 |      0 |      0 |      0 |     76 |     38 |cdiv/clock_out
      0 |      0 |      0 |      0 |      0 |      0 |      0 |      0 |      0 |      0 |      0 |      0 |    762 |      0 |gpu/converter/b1_clk
      0 |      0 |      0 |      0 |      0 |      0 |      0 |      0 |      0 |      0 |      0 |      0 |    210 |      0 |gpu/converter/b2_clk
      0 |      0 |      0 |      0 |      0 |     14 |      0 |      0 |      0 |      0 |      0 |      0 |      0 |     30 |gpu/gpuclk
      0 |      0 |      0 |      0 |      0 |      0 |      0 |      0 |      0 |      0 |      1 |      0 |      0 |      0 |gpu/setup/idelay_ctrl_mod/clk200
--------+--------+--------+--------+--------+--------+--------+--------+--------+--------+--------+--------+--------+--------+----------------------------------------
     21 |      0 |      0 |      0 |      0 |     14 |      0 |      0 |      0 |      0 |      1 |      0 |   1048 |    233 | Total 
--------+--------+--------+--------+--------+--------+--------+--------+--------+--------+--------+--------+--------+--------+----------------------------------------


Clock-Region: <CLOCKREGION_X0Y2> 
 key resource utilizations (used/available): global-clocks - 3/10 ;
--------+--------+--------+--------+--------+--------+--------+--------+--------+--------+--------+--------+--------+--------+----------------------------------------
   BRAM |    DCM |    PLL |     GT | ILOGIC | OLOGIC |   MULT |  TEMAC |    PPC |   PCIE | IDLYCT | BUFGCT | LUTRAM |     FF | <- (Types of Resources in this  Region)
   FIFO |        |        |        |        |        |        |        |        |        |        |        |        |        |
--------+--------+--------+--------+--------+--------+--------+--------+--------+--------+--------+--------+--------+--------+----------------------------------------
      8 |      2 |      1 |      0 |     60 |     60 |      8 |      0 |      0 |      0 |      2 |      0 |   2080 |   3840 | <- (Available Resources in this Region)
--------+--------+--------+--------+--------+--------+--------+--------+--------+--------+--------+--------+--------+--------+----------------------------------------
        |        |        |        |        |        |        |        |        |        |        |        |        |        | <Global clock Net Name>
--------+--------+--------+--------+--------+--------+--------+--------+--------+--------+--------+--------+--------+--------+----------------------------------------
      7 |      0 |      0 |      0 |      0 |      0 |      0 |      0 |      0 |      0 |      0 |      0 |     42 |      0 |CONTROL0<0>
      0 |      0 |      0 |      0 |      0 |      0 |      0 |      0 |      0 |      0 |      0 |      0 |      0 |     27 |ac97_bitclk_BUFGP
      7 |      0 |      0 |      0 |      0 |      0 |      0 |      0 |      0 |      0 |      0 |      0 |     58 |    443 |cdiv/clock_out
--------+--------+--------+--------+--------+--------+--------+--------+--------+--------+--------+--------+--------+--------+----------------------------------------
     14 |      0 |      0 |      0 |      0 |      0 |      0 |      0 |      0 |      0 |      0 |      0 |    100 |    470 | Total 
--------+--------+--------+--------+--------+--------+--------+--------+--------+--------+--------+--------+--------+--------+----------------------------------------


Clock-Region: <CLOCKREGION_X1Y2> 
 key resource utilizations (used/available): global-clocks - 6/10 ;
--------+--------+--------+--------+--------+--------+--------+--------+--------+--------+--------+--------+--------+--------+----------------------------------------
   BRAM |    DCM |    PLL |     GT | ILOGIC | OLOGIC |   MULT |  TEMAC |    PPC |   PCIE | IDLYCT | BUFGCT | LUTRAM |     FF | <- (Types of Resources in this  Region)
   FIFO |        |        |        |        |        |        |        |        |        |        |        |        |        |
--------+--------+--------+--------+--------+--------+--------+--------+--------+--------+--------+--------+--------+--------+----------------------------------------
      8 |      0 |      0 |      1 |     40 |     40 |      0 |      0 |      0 |      1 |      1 |      0 |   2400 |   4800 | <- (Available Resources in this Region)
--------+--------+--------+--------+--------+--------+--------+--------+--------+--------+--------+--------+--------+--------+----------------------------------------
        |        |        |        |        |        |        |        |        |        |        |        |        |        | <Global clock Net Name>
--------+--------+--------+--------+--------+--------+--------+--------+--------+--------+--------+--------+--------+--------+----------------------------------------
      1 |      0 |      0 |      0 |      0 |      0 |      0 |      0 |      0 |      0 |      0 |      0 |      0 |     49 |CLK_33MHZ_FPGA_IBUFG
      7 |      0 |      0 |      0 |      0 |      0 |      0 |      0 |      0 |      0 |      0 |      0 |      6 |      0 |CONTROL0<0>
      7 |      0 |      0 |      0 |      0 |      0 |      0 |      0 |      0 |      0 |      0 |      0 |    106 |    282 |cdiv/clock_out
      0 |      0 |      0 |      0 |      0 |      0 |      0 |      0 |      0 |      0 |      0 |      0 |    738 |      0 |gpu/converter/b1_clk
      0 |      0 |      0 |      0 |      0 |      0 |      0 |      0 |      0 |      0 |      0 |      0 |      0 |     16 |gpu/gpuclk
      0 |      0 |      0 |      0 |      0 |      0 |      0 |      0 |      0 |      0 |      0 |      0 |      0 |      5 |gpu/setup/idelay_ctrl_mod/clk200
--------+--------+--------+--------+--------+--------+--------+--------+--------+--------+--------+--------+--------+--------+----------------------------------------
     15 |      0 |      0 |      0 |      0 |      0 |      0 |      0 |      0 |      0 |      0 |      0 |    850 |    352 | Total 
--------+--------+--------+--------+--------+--------+--------+--------+--------+--------+--------+--------+--------+--------+----------------------------------------


Clock-Region: <CLOCKREGION_X0Y3> 
 key resource utilizations (used/available): global-clocks - 9/10 ;
--------+--------+--------+--------+--------+--------+--------+--------+--------+--------+--------+--------+--------+--------+----------------------------------------
   BRAM |    DCM |    PLL |     GT | ILOGIC | OLOGIC |   MULT |  TEMAC |    PPC |   PCIE | IDLYCT | BUFGCT | LUTRAM |     FF | <- (Types of Resources in this  Region)
   FIFO |        |        |        |        |        |        |        |        |        |        |        |        |        |
--------+--------+--------+--------+--------+--------+--------+--------+--------+--------+--------+--------+--------+--------+----------------------------------------
      8 |      0 |      0 |      0 |     60 |     60 |      8 |      0 |      0 |      0 |      2 |     16 |   2080 |   3840 | <- (Available Resources in this Region)
--------+--------+--------+--------+--------+--------+--------+--------+--------+--------+--------+--------+--------+--------+----------------------------------------
        |        |        |        |        |        |        |        |        |        |        |        |        |        | <Global clock Net Name>
--------+--------+--------+--------+--------+--------+--------+--------+--------+--------+--------+--------+--------+--------+----------------------------------------
      0 |      0 |      0 |      0 |      0 |      0 |      0 |      0 |      0 |      0 |      0 |      0 |      0 |      8 |CLK_33MHZ_FPGA_IBUFG
      5 |      0 |      0 |      0 |      0 |      0 |      0 |      0 |      0 |      0 |      0 |      0 |     66 |      0 |CONTROL0<0>
      0 |      0 |      0 |      0 |      0 |      0 |      0 |      0 |      0 |      0 |      0 |      0 |      0 |     45 |ac97_bitclk_BUFGP
      0 |      0 |      0 |      0 |      0 |      0 |      0 |      0 |      0 |      0 |      0 |      0 |      0 |     16 |audio/freq12div/clock_out
      0 |      0 |      0 |      0 |      0 |      0 |      0 |      0 |      0 |      0 |      0 |      0 |      0 |      9 |audio/lendiv/clock_out
      0 |      0 |      0 |      0 |      0 |      0 |      0 |      0 |      0 |      0 |      0 |      0 |      0 |     20 |audio/sweepdiv/clock_out
      5 |      0 |      0 |      0 |      0 |      0 |      0 |      0 |      0 |      0 |      0 |      0 |     56 |    220 |cdiv/clock_out
      0 |      0 |      0 |      0 |      0 |      0 |      0 |      0 |      0 |      0 |      0 |      0 |      0 |      6 |cont/statediv/clock_out
      0 |      0 |      0 |      0 |      0 |      0 |      0 |      0 |      0 |      0 |      0 |      2 |      0 |     16 |gpu/gpuclk
--------+--------+--------+--------+--------+--------+--------+--------+--------+--------+--------+--------+--------+--------+----------------------------------------
     10 |      0 |      0 |      0 |      0 |      0 |      0 |      0 |      0 |      0 |      0 |      2 |    122 |    340 | Total 
--------+--------+--------+--------+--------+--------+--------+--------+--------+--------+--------+--------+--------+--------+----------------------------------------


Clock-Region: <CLOCKREGION_X1Y3> 
 key resource utilizations (used/available): global-clocks - 5/10 ;
--------+--------+--------+--------+--------+--------+--------+--------+--------+--------+--------+--------+--------+--------+----------------------------------------
   BRAM |    DCM |    PLL |     GT | ILOGIC | OLOGIC |   MULT |  TEMAC |    PPC |   PCIE | IDLYCT | BUFGCT | LUTRAM |     FF | <- (Types of Resources in this  Region)
   FIFO |        |        |        |        |        |        |        |        |        |        |        |        |        |
--------+--------+--------+--------+--------+--------+--------+--------+--------+--------+--------+--------+--------+--------+----------------------------------------
      8 |      0 |      0 |      1 |     40 |     40 |      0 |      0 |      0 |      0 |      1 |      0 |   2400 |   4800 | <- (Available Resources in this Region)
--------+--------+--------+--------+--------+--------+--------+--------+--------+--------+--------+--------+--------+--------+----------------------------------------
        |        |        |        |        |        |        |        |        |        |        |        |        |        | <Global clock Net Name>
--------+--------+--------+--------+--------+--------+--------+--------+--------+--------+--------+--------+--------+--------+----------------------------------------
      1 |      0 |      0 |      0 |      0 |      0 |      0 |      0 |      0 |      0 |      0 |      0 |      0 |     82 |CLK_33MHZ_FPGA_IBUFG
      7 |      0 |      0 |      0 |      0 |      0 |      0 |      0 |      0 |      0 |      0 |      0 |     82 |     26 |CONTROL0<0>
      0 |      0 |      0 |      0 |      0 |      0 |      0 |      0 |      0 |      0 |      0 |      0 |      0 |     36 |ac97_bitclk_BUFGP
      7 |      0 |      0 |      0 |      0 |      0 |      0 |      0 |      0 |      0 |      0 |      0 |     80 |    328 |cdiv/clock_out
      0 |      0 |      0 |      0 |      0 |      0 |      0 |      0 |      0 |      0 |      0 |      0 |      0 |     20 |gpu/setup/idelay_ctrl_mod/clk200
--------+--------+--------+--------+--------+--------+--------+--------+--------+--------+--------+--------+--------+--------+----------------------------------------
     15 |      0 |      0 |      0 |      0 |      0 |      0 |      0 |      0 |      0 |      0 |      0 |    162 |    492 | Total 
--------+--------+--------+--------+--------+--------+--------+--------+--------+--------+--------+--------+--------+--------+----------------------------------------


Clock-Region: <CLOCKREGION_X0Y4> 
 key resource utilizations (used/available): global-clocks - 9/10 ;
--------+--------+--------+--------+--------+--------+--------+--------+--------+--------+--------+--------+--------+--------+----------------------------------------
   BRAM |    DCM |    PLL |     GT | ILOGIC | OLOGIC |   MULT |  TEMAC |    PPC |   PCIE | IDLYCT | BUFGCT | LUTRAM |     FF | <- (Types of Resources in this  Region)
   FIFO |        |        |        |        |        |        |        |        |        |        |        |        |        |
--------+--------+--------+--------+--------+--------+--------+--------+--------+--------+--------+--------+--------+--------+----------------------------------------
      8 |      0 |      0 |      0 |     60 |     60 |      8 |      0 |      0 |      0 |      2 |     16 |   2080 |   3840 | <- (Available Resources in this Region)
--------+--------+--------+--------+--------+--------+--------+--------+--------+--------+--------+--------+--------+--------+----------------------------------------
        |        |        |        |        |        |        |        |        |        |        |        |        |        | <Global clock Net Name>
--------+--------+--------+--------+--------+--------+--------+--------+--------+--------+--------+--------+--------+--------+----------------------------------------
      0 |      0 |      0 |      0 |      0 |      0 |      0 |      0 |      0 |      0 |      0 |      0 |      0 |      3 |CLK_33MHZ_FPGA_IBUFG
      7 |      0 |      0 |      0 |      0 |      0 |      0 |      0 |      0 |      0 |      0 |      0 |      0 |      0 |CONTROL0<0>
      0 |      0 |      0 |      0 |      0 |      0 |      0 |      0 |      0 |      0 |      0 |      0 |      0 |    119 |ac97_bitclk_BUFGP
      0 |      0 |      0 |      0 |      0 |      0 |      0 |      0 |      0 |      0 |      0 |      0 |      0 |     16 |audio/freq12div/clock_out
      0 |      0 |      0 |      0 |      0 |      0 |      0 |      0 |      0 |      0 |      0 |      0 |      0 |      9 |audio/lendiv/clock_out
      0 |      0 |      0 |      0 |      0 |      0 |      0 |      0 |      0 |      0 |      0 |      0 |      0 |     12 |audio/sweepdiv/clock_out
      7 |      0 |      0 |      0 |      0 |      0 |      0 |      0 |      0 |      0 |      0 |      0 |     62 |    114 |cdiv/clock_out
      0 |      0 |      0 |      0 |      0 |      0 |      0 |      0 |      0 |      0 |      0 |      0 |      0 |     18 |cont/statediv/clock_out
      0 |      0 |      0 |      0 |      0 |      0 |      0 |      0 |      0 |      0 |      0 |      0 |      0 |     63 |gpu/gpuclk
--------+--------+--------+--------+--------+--------+--------+--------+--------+--------+--------+--------+--------+--------+----------------------------------------
     14 |      0 |      0 |      0 |      0 |      0 |      0 |      0 |      0 |      0 |      0 |      0 |     62 |    354 | Total 
--------+--------+--------+--------+--------+--------+--------+--------+--------+--------+--------+--------+--------+--------+----------------------------------------


Clock-Region: <CLOCKREGION_X1Y4> 
 key resource utilizations (used/available): global-clocks - 5/10 ;
--------+--------+--------+--------+--------+--------+--------+--------+--------+--------+--------+--------+--------+--------+----------------------------------------
   BRAM |    DCM |    PLL |     GT | ILOGIC | OLOGIC |   MULT |  TEMAC |    PPC |   PCIE | IDLYCT | BUFGCT | LUTRAM |     FF | <- (Types of Resources in this  Region)
   FIFO |        |        |        |        |        |        |        |        |        |        |        |        |        |
--------+--------+--------+--------+--------+--------+--------+--------+--------+--------+--------+--------+--------+--------+----------------------------------------
     10 |      0 |      0 |      1 |     40 |     40 |      0 |      1 |      0 |      0 |      1 |      0 |   2400 |   4800 | <- (Available Resources in this Region)
--------+--------+--------+--------+--------+--------+--------+--------+--------+--------+--------+--------+--------+--------+----------------------------------------
        |        |        |        |        |        |        |        |        |        |        |        |        |        | <Global clock Net Name>
--------+--------+--------+--------+--------+--------+--------+--------+--------+--------+--------+--------+--------+--------+----------------------------------------
     10 |      0 |      0 |      0 |      0 |      0 |      0 |      0 |      0 |      0 |      0 |      0 |     53 |     59 |CONTROL0<0>
      0 |      0 |      0 |      0 |      0 |      0 |      0 |      0 |      0 |      0 |      0 |      0 |      0 |     68 |ac97_bitclk_BUFGP
      0 |      0 |      0 |      0 |      0 |      0 |      0 |      0 |      0 |      0 |      0 |      0 |      0 |     21 |audio/freq3div/clock_out
      0 |      0 |      0 |      0 |      0 |      0 |      0 |      0 |      0 |      0 |      0 |      0 |      0 |      9 |audio/lendiv/clock_out
     10 |      0 |      0 |      0 |      0 |      0 |      0 |      0 |      0 |      0 |      0 |      0 |     86 |    396 |cdiv/clock_out
--------+--------+--------+--------+--------+--------+--------+--------+--------+--------+--------+--------+--------+--------+----------------------------------------
     20 |      0 |      0 |      0 |      0 |      0 |      0 |      0 |      0 |      0 |      0 |      0 |    139 |    553 | Total 
--------+--------+--------+--------+--------+--------+--------+--------+--------+--------+--------+--------+--------+--------+----------------------------------------


Clock-Region: <CLOCKREGION_X0Y5> 
 key resource utilizations (used/available): global-clocks - 2/10 ;
--------+--------+--------+--------+--------+--------+--------+--------+--------+--------+--------+--------+--------+--------+----------------------------------------
   BRAM |    DCM |    PLL |     GT | ILOGIC | OLOGIC |   MULT |  TEMAC |    PPC |   PCIE | IDLYCT | BUFGCT | LUTRAM |     FF | <- (Types of Resources in this  Region)
   FIFO |        |        |        |        |        |        |        |        |        |        |        |        |        |
--------+--------+--------+--------+--------+--------+--------+--------+--------+--------+--------+--------+--------+--------+----------------------------------------
      8 |      2 |      1 |      0 |     60 |     60 |      8 |      0 |      0 |      0 |      2 |      0 |   2080 |   3840 | <- (Available Resources in this Region)
--------+--------+--------+--------+--------+--------+--------+--------+--------+--------+--------+--------+--------+--------+----------------------------------------
        |        |        |        |        |        |        |        |        |        |        |        |        |        | <Global clock Net Name>
--------+--------+--------+--------+--------+--------+--------+--------+--------+--------+--------+--------+--------+--------+----------------------------------------
      5 |      0 |      0 |      0 |      0 |      0 |      0 |      0 |      0 |      0 |      0 |      0 |     24 |      0 |CONTROL0<0>
      5 |      0 |      0 |      0 |      0 |      0 |      0 |      0 |      0 |      0 |      0 |      0 |     44 |     75 |cdiv/clock_out
--------+--------+--------+--------+--------+--------+--------+--------+--------+--------+--------+--------+--------+--------+----------------------------------------
     10 |      0 |      0 |      0 |      0 |      0 |      0 |      0 |      0 |      0 |      0 |      0 |     68 |     75 | Total 
--------+--------+--------+--------+--------+--------+--------+--------+--------+--------+--------+--------+--------+--------+----------------------------------------


Clock-Region: <CLOCKREGION_X1Y5> 
 key resource utilizations (used/available): global-clocks - 3/10 ;
--------+--------+--------+--------+--------+--------+--------+--------+--------+--------+--------+--------+--------+--------+----------------------------------------
   BRAM |    DCM |    PLL |     GT | ILOGIC | OLOGIC |   MULT |  TEMAC |    PPC |   PCIE | IDLYCT | BUFGCT | LUTRAM |     FF | <- (Types of Resources in this  Region)
   FIFO |        |        |        |        |        |        |        |        |        |        |        |        |        |
--------+--------+--------+--------+--------+--------+--------+--------+--------+--------+--------+--------+--------+--------+----------------------------------------
     10 |      0 |      0 |      1 |     40 |     40 |      0 |      1 |      0 |      0 |      1 |      0 |   2400 |   4800 | <- (Available Resources in this Region)
--------+--------+--------+--------+--------+--------+--------+--------+--------+--------+--------+--------+--------+--------+----------------------------------------
        |        |        |        |        |        |        |        |        |        |        |        |        |        | <Global clock Net Name>
--------+--------+--------+--------+--------+--------+--------+--------+--------+--------+--------+--------+--------+--------+----------------------------------------
      9 |      0 |      0 |      0 |      0 |      0 |      0 |      0 |      0 |      0 |      0 |      0 |    154 |     16 |CONTROL0<0>
      0 |      0 |      0 |      0 |      0 |      0 |      0 |      0 |      0 |      0 |      0 |      0 |      0 |     64 |ac97_bitclk_BUFGP
      9 |      0 |      0 |      0 |      0 |      0 |      0 |      0 |      0 |      0 |      0 |      0 |    102 |    518 |cdiv/clock_out
--------+--------+--------+--------+--------+--------+--------+--------+--------+--------+--------+--------+--------+--------+----------------------------------------
     18 |      0 |      0 |      0 |      0 |      0 |      0 |      0 |      0 |      0 |      0 |      0 |    256 |    598 | Total 
--------+--------+--------+--------+--------+--------+--------+--------+--------+--------+--------+--------+--------+--------+----------------------------------------


Clock-Region: <CLOCKREGION_X0Y6> 
 key resource utilizations (used/available): global-clocks - 2/10 ;
--------+--------+--------+--------+--------+--------+--------+--------+--------+--------+--------+--------+--------+--------+----------------------------------------
   BRAM |    DCM |    PLL |     GT | ILOGIC | OLOGIC |   MULT |  TEMAC |    PPC |   PCIE | IDLYCT | BUFGCT | LUTRAM |     FF | <- (Types of Resources in this  Region)
   FIFO |        |        |        |        |        |        |        |        |        |        |        |        |        |
--------+--------+--------+--------+--------+--------+--------+--------+--------+--------+--------+--------+--------+--------+----------------------------------------
      8 |      4 |      2 |      0 |     40 |     40 |      8 |      0 |      0 |      0 |      1 |      0 |   2080 |   3840 | <- (Available Resources in this Region)
--------+--------+--------+--------+--------+--------+--------+--------+--------+--------+--------+--------+--------+--------+----------------------------------------
        |        |        |        |        |        |        |        |        |        |        |        |        |        | <Global clock Net Name>
--------+--------+--------+--------+--------+--------+--------+--------+--------+--------+--------+--------+--------+--------+----------------------------------------
      5 |      0 |      0 |      0 |      0 |      0 |      0 |      0 |      0 |      0 |      0 |      0 |      0 |      0 |CONTROL0<0>
      5 |      0 |      0 |      0 |      0 |      0 |      0 |      0 |      0 |      0 |      0 |      0 |     54 |     27 |cdiv/clock_out
--------+--------+--------+--------+--------+--------+--------+--------+--------+--------+--------+--------+--------+--------+----------------------------------------
     10 |      0 |      0 |      0 |      0 |      0 |      0 |      0 |      0 |      0 |      0 |      0 |     54 |     27 | Total 
--------+--------+--------+--------+--------+--------+--------+--------+--------+--------+--------+--------+--------+--------+----------------------------------------


Clock-Region: <CLOCKREGION_X1Y6> 
 key resource utilizations (used/available): global-clocks - 2/10 ;
--------+--------+--------+--------+--------+--------+--------+--------+--------+--------+--------+--------+--------+--------+----------------------------------------
   BRAM |    DCM |    PLL |     GT | ILOGIC | OLOGIC |   MULT |  TEMAC |    PPC |   PCIE | IDLYCT | BUFGCT | LUTRAM |     FF | <- (Types of Resources in this  Region)
   FIFO |        |        |        |        |        |        |        |        |        |        |        |        |        |
--------+--------+--------+--------+--------+--------+--------+--------+--------+--------+--------+--------+--------+--------+----------------------------------------
     12 |      0 |      0 |      1 |     40 |     40 |      0 |      0 |      0 |      0 |      1 |      0 |   2400 |   4800 | <- (Available Resources in this Region)
--------+--------+--------+--------+--------+--------+--------+--------+--------+--------+--------+--------+--------+--------+----------------------------------------
        |        |        |        |        |        |        |        |        |        |        |        |        |        | <Global clock Net Name>
--------+--------+--------+--------+--------+--------+--------+--------+--------+--------+--------+--------+--------+--------+----------------------------------------
     12 |      0 |      0 |      0 |      0 |      0 |      0 |      0 |      0 |      0 |      0 |      0 |      0 |      0 |CONTROL0<0>
     12 |      0 |      0 |      0 |      0 |      0 |      0 |      0 |      0 |      0 |      0 |      0 |    124 |     78 |cdiv/clock_out
--------+--------+--------+--------+--------+--------+--------+--------+--------+--------+--------+--------+--------+--------+----------------------------------------
     24 |      0 |      0 |      0 |      0 |      0 |      0 |      0 |      0 |      0 |      0 |      0 |    124 |     78 | Total 
--------+--------+--------+--------+--------+--------+--------+--------+--------+--------+--------+--------+--------+--------+----------------------------------------


Clock-Region: <CLOCKREGION_X0Y7> 
 key resource utilizations (used/available): global-clocks - 2/10 ;
--------+--------+--------+--------+--------+--------+--------+--------+--------+--------+--------+--------+--------+--------+----------------------------------------
   BRAM |    DCM |    PLL |     GT | ILOGIC | OLOGIC |   MULT |  TEMAC |    PPC |   PCIE | IDLYCT | BUFGCT | LUTRAM |     FF | <- (Types of Resources in this  Region)
   FIFO |        |        |        |        |        |        |        |        |        |        |        |        |        |
--------+--------+--------+--------+--------+--------+--------+--------+--------+--------+--------+--------+--------+--------+----------------------------------------
      8 |      0 |      0 |      0 |     80 |     80 |      8 |      0 |      0 |      0 |      2 |      0 |   2080 |   3840 | <- (Available Resources in this Region)
--------+--------+--------+--------+--------+--------+--------+--------+--------+--------+--------+--------+--------+--------+----------------------------------------
        |        |        |        |        |        |        |        |        |        |        |        |        |        | <Global clock Net Name>
--------+--------+--------+--------+--------+--------+--------+--------+--------+--------+--------+--------+--------+--------+----------------------------------------
      6 |      0 |      0 |      0 |      0 |      0 |      0 |      0 |      0 |      0 |      0 |      0 |      0 |      0 |CONTROL0<0>
      6 |      0 |      0 |      0 |      0 |      0 |      0 |      0 |      0 |      0 |      0 |      0 |      8 |      4 |cdiv/clock_out
--------+--------+--------+--------+--------+--------+--------+--------+--------+--------+--------+--------+--------+--------+----------------------------------------
     12 |      0 |      0 |      0 |      0 |      0 |      0 |      0 |      0 |      0 |      0 |      0 |      8 |      4 | Total 
--------+--------+--------+--------+--------+--------+--------+--------+--------+--------+--------+--------+--------+--------+----------------------------------------


Clock-Region: <CLOCKREGION_X1Y7> 
 key resource utilizations (used/available): global-clocks - 2/10 ;
--------+--------+--------+--------+--------+--------+--------+--------+--------+--------+--------+--------+--------+--------+----------------------------------------
   BRAM |    DCM |    PLL |     GT | ILOGIC | OLOGIC |   MULT |  TEMAC |    PPC |   PCIE | IDLYCT | BUFGCT | LUTRAM |     FF | <- (Types of Resources in this  Region)
   FIFO |        |        |        |        |        |        |        |        |        |        |        |        |        |
--------+--------+--------+--------+--------+--------+--------+--------+--------+--------+--------+--------+--------+--------+----------------------------------------
     12 |      0 |      0 |      1 |     40 |     40 |      0 |      0 |      0 |      0 |      1 |      0 |   2400 |   4800 | <- (Available Resources in this Region)
--------+--------+--------+--------+--------+--------+--------+--------+--------+--------+--------+--------+--------+--------+----------------------------------------
        |        |        |        |        |        |        |        |        |        |        |        |        |        | <Global clock Net Name>
--------+--------+--------+--------+--------+--------+--------+--------+--------+--------+--------+--------+--------+--------+----------------------------------------
     12 |      0 |      0 |      0 |      0 |      0 |      0 |      0 |      0 |      0 |      0 |      0 |      0 |      0 |CONTROL0<0>
     12 |      0 |      0 |      0 |      0 |      0 |      0 |      0 |      0 |      0 |      0 |      0 |     28 |     14 |cdiv/clock_out
--------+--------+--------+--------+--------+--------+--------+--------+--------+--------+--------+--------+--------+--------+----------------------------------------
     24 |      0 |      0 |      0 |      0 |      0 |      0 |      0 |      0 |      0 |      0 |      0 |     28 |     14 | Total 
--------+--------+--------+--------+--------+--------+--------+--------+--------+--------+--------+--------+--------+--------+----------------------------------------

NOTE:
The above detailed report is the initial placement of the logic after the clock region assignment. The final placement
may be significantly different because of the various optimization steps which will follow. Specifically, logic blocks
maybe moved to adjacent clock-regions as long as the "number of clocks per region" constraint is not violated.


# END of Global Clock Net Loads Distribution Report:
######################################################################################


Phase 9.30  Global Clock Region Assignment (Checksum:ddcbcff3) REAL time: 31 secs 

Phase 10.3  Local Placement Optimization
...
Phase 10.3  Local Placement Optimization (Checksum:22c6feac) REAL time: 31 secs 

Phase 11.5  Local Placement Optimization
Phase 11.5  Local Placement Optimization (Checksum:22c6feac) REAL time: 31 secs 

Phase 12.8  Global Placement
...................................................................................................................................
.................................................
Phase 12.8  Global Placement (Checksum:683e664b) REAL time: 39 secs 

Phase 13.29  Local Placement Optimization
Phase 13.29  Local Placement Optimization (Checksum:683e664b) REAL time: 39 secs 

Phase 14.5  Local Placement Optimization
Phase 14.5  Local Placement Optimization (Checksum:683e664b) REAL time: 39 secs 

Phase 15.18  Placement Optimization
Phase 15.18  Placement Optimization (Checksum:2153fa93) REAL time: 52 secs 

Phase 16.5  Local Placement Optimization
Phase 16.5  Local Placement Optimization (Checksum:2153fa93) REAL time: 52 secs 

Phase 17.34  Placement Validation
Phase 17.34  Placement Validation (Checksum:2153fa93) REAL time: 53 secs 

Total REAL time to Placer completion: 54 secs 
Total CPU  time to Placer completion: 52 secs 
Running post-placement packing...
Writing output files...
WARNING:PhysDesignRules:372 - Gated clock. Clock net CONTROL0<13> is sourced by a combinatorial pin. This is not good
   design practice. Use the CE pin to control the loading of data into the flip-flop.

Design Summary
--------------

Design Summary:
Number of errors:      0
Number of warnings:    1
Slice Logic Utilization:
  Number of Slice Registers:                 5,185 out of  69,120    7%
    Number used as Flip Flops:               5,184
    Number used as Latches:                      1
  Number of Slice LUTs:                      8,112 out of  69,120   11%
    Number used as logic:                    5,208 out of  69,120    7%
      Number using O6 output only:           4,374
      Number using O5 output only:             376
      Number using O5 and O6:                  458
    Number used as Memory:                   2,862 out of  17,920   15%
      Number used as Single Port RAM:        2,048
        Number using O6 output only:         2,048
      Number used as Shift Register:           814
        Number using O6 output only:           781
        Number using O5 output only:             1
        Number using O5 and O6:                 32
    Number used as exclusive route-thru:        42
  Number of route-thrus:                       422
    Number using O6 output only:               417
    Number using O5 output only:                 5

Slice Logic Distribution:
  Number of occupied Slices:                 3,808 out of  17,280   22%
  Number of LUT Flip Flop pairs used:       10,988
    Number with an unused Flip Flop:         5,803 out of  10,988   52%
    Number with an unused LUT:               2,876 out of  10,988   26%
    Number of fully used LUT-FF pairs:       2,309 out of  10,988   21%
    Number of unique control sets:             621
    Number of slice register sites lost
      to control set restrictions:             229 out of  69,120    1%

  A LUT Flip Flop pair for this architecture represents one LUT paired with
  one Flip Flop within a slice.  A control set is a unique combination of
  clock, reset, set, and enable signals for a registered element.
  The Slice Logic Distribution report is not meaningful if the design is
  over-mapped for a non-slice resource or if Placement fails.
  OVERMAPPING of BRAM resources should be ignored if the design is
  over-mapped for a non-BRAM resource or if placement fails.

IO Utilization:
  Number of bonded IOBs:                       113 out of     640   17%
    Number of LOCed IOBs:                      112 out of     113   99%
    IOB Flip Flops:                             14

Specific Feature Utilization:
  Number of BlockRAM/FIFO:                     130 out of     148   87%
    Number using BlockRAM only:                130
    Total primitives used:
      Number of 36k BlockRAM used:             129
      Number of 18k BlockRAM used:               1
    Total Memory used (KB):                  4,662 out of   5,328   87%
  Number of BUFG/BUFGCTRLs:                     15 out of      32   46%
    Number used as BUFGs:                       13
    Number used as BUFGCTRLs:                    2
  Number of IDELAYCTRLs:                         1 out of      22    4%
  Number of BSCANs:                              1 out of       4   25%
  Number of DCM_ADVs:                            2 out of      12   16%
  Number of DSP48Es:                             1 out of      64    1%

  Number of RPM macros:           18
Average Fanout of Non-Clock Nets:                5.74

Peak Memory Usage:  757 MB
Total REAL time to MAP completion:  1 mins 
Total CPU time to MAP completion:   59 secs 

Mapping completed.
See MAP report file "lcd_top_flashcart_map.mrp" for details.
